// Jest Snapshot v1, https://goo.gl/fbAQLP

exports[`Application can route to correct path 1`] = `"<div><div id=\\"header-bar\\"><h1>Chatclub</h1><nav><ul><li><a href=\\"/chatters\\">CHATTERS</a></li><li><a href=\\"/\\">CHAT</a></li><li><a href=\\"/profile\\">PROFILE</a></li></ul></nav><div id=\\"header-bar-user-info\\"><h3>Test</h3><button>SIGN OUT</button></div></div><div id=\\"login-container\\"><header id=\\"auth-header\\"><h2>SIGN IN</h2></header><form><div><label>Username <input type=\\"text\\" name=\\"username\\" value=\\"\\"></label></div><div><label>Password <input type=\\"password\\" name=\\"password\\" value=\\"\\"></label></div><button class=\\"submit-btn\\">SIGN IN</button></form><div id=\\"signup-options-container\\"><h3>Don't have an account?</h3><a href=\\"/signup\\">SIGN UP</a><h4>OR</h4><a href=\\"/api/auth/google\\"><button id=\\"google-btn\\">SIGN IN WITH GOOGLE</button></a></div></div></div>"`;

exports[`Application routes to /login when not authenticated 1`] = `"<div><div id=\\"header-bar\\"><h1>Chatclub</h1><nav><ul><li><a href=\\"/signup\\">SIGN UP</a></li><li><a href=\\"/login\\">SIGN IN</a></li></ul></nav></div><div id=\\"login-container\\"><header id=\\"auth-header\\"><h2>SIGN IN</h2></header><form><div><label>Username <input type=\\"text\\" name=\\"username\\" value=\\"\\"></label></div><div><label>Password <input type=\\"password\\" name=\\"password\\" value=\\"\\"></label></div><button class=\\"submit-btn\\">SIGN IN</button></form><div id=\\"signup-options-container\\"><h3>Don't have an account?</h3><a href=\\"/signup\\">SIGN UP</a><h4>OR</h4><a href=\\"/api/auth/google\\"><button id=\\"google-btn\\">SIGN IN WITH GOOGLE</button></a></div></div></div>"`;

exports[`Application routes to NotFound on invalid path 1`] = `"<div><div id=\\"header-bar\\"><h1>Chatclub</h1><nav><ul><li><a href=\\"/chatters\\">CHATTERS</a></li><li><a href=\\"/\\">CHAT</a></li><li><a href=\\"/profile\\">PROFILE</a></li></ul></nav><div id=\\"header-bar-user-info\\"><h3>Test</h3><button>SIGN OUT</button></div></div><div><h2>NOT FOUND: 404</h2><h3>THE PAGE YOU REQUESTED IS NOT AVAILABLE</h3><a href=\\"/\\">GO TO HOME PAGE</a></div></div>"`;
