// Jest Snapshot v1, https://goo.gl/fbAQLP

exports[`ChattersPage can show error message for empty fields when creating chatter 1`] = `"<header><h2>Chatters</h2></header><div id=\\"chatters-page\\"><div id=\\"create-chatter-form\\"><h4>CREATE NEW CHATTER</h4><form><h5>Please enter all fields</h5><div><label>Email <input type=\\"email\\" name=\\"email\\" value=\\"\\"></label></div><div><label>First name <input type=\\"text\\" name=\\"firstname\\" value=\\"\\"></label></div><div><label>Last name <input type=\\"text\\" name=\\"lastname\\" value=\\"\\"></label></div><button class=\\"submit-btn\\" type=\\"submit\\">CREATE CHATTER</button></form></div><div id=\\"chatters-container\\"><div id=\\"chatter-item\\"><h5>Test Tester</h5><p>test@test.test</p><button id=\\"edit-btn\\"><a href=\\"/chatters/1/edit\\">EDIT</a></button><button id=\\"del-btn\\">DELETE</button></div></div></div>"`;

exports[`ChattersPage can show error message on creating chatter 1`] = `"<header><h2>Chatters</h2></header><div id=\\"chatters-page\\"><div id=\\"create-chatter-form\\"><h4>CREATE NEW CHATTER</h4><form><h5>Error: Error</h5><div><label>Email <input type=\\"email\\" name=\\"email\\" value=\\"Value\\"></label></div><div><label>First name <input type=\\"text\\" name=\\"firstname\\" value=\\"Value\\"></label></div><div><label>Last name <input type=\\"text\\" name=\\"lastname\\" value=\\"Value\\"></label></div><button class=\\"submit-btn\\" type=\\"submit\\">CREATE CHATTER</button></form></div><div id=\\"chatters-container\\"><div id=\\"chatter-item\\"><h5>Test Tester</h5><p>test@test.test</p><button id=\\"edit-btn\\"><a href=\\"/chatters/1/edit\\">EDIT</a></button><button id=\\"del-btn\\">DELETE</button></div></div></div>"`;

exports[`ChattersPage it shows created chatters 1`] = `"<header><h2>Chatters</h2></header><div id=\\"chatters-page\\"><div id=\\"create-chatter-form\\"><h4>CREATE NEW CHATTER</h4><form><div><label>Email <input type=\\"email\\" name=\\"email\\" value=\\"\\"></label></div><div><label>First name <input type=\\"text\\" name=\\"firstname\\" value=\\"\\"></label></div><div><label>Last name <input type=\\"text\\" name=\\"lastname\\" value=\\"\\"></label></div><button class=\\"submit-btn\\" type=\\"submit\\">CREATE CHATTER</button></form></div><div id=\\"chatters-container\\"><div id=\\"chatter-item\\"><h5>Test Tester</h5><p>test@test.test</p><button id=\\"edit-btn\\"><a href=\\"/chatters/1/edit\\">EDIT</a></button><button id=\\"del-btn\\">DELETE</button></div></div></div>"`;
