// Jest Snapshot v1, https://goo.gl/fbAQLP

exports[`SignupPage can show error message 1`] = `"<div id=\\"signup-container\\"><header id=\\"auth-header\\"><h2>SIGN UP</h2></header><form><h4>Error: Invalid username/password</h4><div><label>Username <input type=\\"text\\" name=\\"username\\" value=\\"Value\\"></label></div><div><label>Password <input type=\\"password\\" name=\\"password\\" value=\\"Value\\"></label></div><div><label>Confirm password <input type=\\"password\\" name=\\"confirmpassword\\" value=\\"Value\\"></label></div><button class=\\"submit-btn\\" type=\\"submit\\">SIGN UP</button></form></div>"`;

exports[`SignupPage can show error message for empty fields 1`] = `"<div id=\\"signup-container\\"><header id=\\"auth-header\\"><h2>SIGN UP</h2></header><form><h4>Please enter all fields</h4><div><label>Username <input type=\\"text\\" name=\\"username\\" value=\\"\\"></label></div><div><label>Password <input type=\\"password\\" name=\\"password\\" value=\\"\\"></label></div><div><label>Confirm password <input type=\\"password\\" name=\\"confirmpassword\\" value=\\"\\"></label></div><button class=\\"submit-btn\\" type=\\"submit\\">SIGN UP</button></form></div>"`;

exports[`SignupPage can show error message for password inequality 1`] = `"<div id=\\"signup-container\\"><header id=\\"auth-header\\"><h2>SIGN UP</h2></header><form><h4>Passwords do not match</h4><div><label>Username <input type=\\"text\\" name=\\"username\\" value=\\"realDonaldTrump\\"></label></div><div><label>Password <input type=\\"password\\" name=\\"password\\" value=\\"yourefired\\"></label></div><div><label>Confirm password <input type=\\"password\\" name=\\"confirmpassword\\" value=\\"yourfired\\"></label></div><button class=\\"submit-btn\\" type=\\"submit\\">SIGN UP</button></form></div>"`;
